Archive member included to satisfy reference by file (symbol)

c:/program files (x86)/atmel/studio/7.0/toolchain/avr8/avr8-gnu-toolchain/bin/../lib/gcc/avr/4.9.2/../../../../avr/lib/avrxmega2\libm.a(addsf3.o)
                              app/adc_app.o (__subsf3)
c:/program files (x86)/atmel/studio/7.0/toolchain/avr8/avr8-gnu-toolchain/bin/../lib/gcc/avr/4.9.2/../../../../avr/lib/avrxmega2\libm.a(addsf3x.o)
                              c:/program files (x86)/atmel/studio/7.0/toolchain/avr8/avr8-gnu-toolchain/bin/../lib/gcc/avr/4.9.2/../../../../avr/lib/avrxmega2\libm.a(addsf3.o) (__addsf3x)
c:/program files (x86)/atmel/studio/7.0/toolchain/avr8/avr8-gnu-toolchain/bin/../lib/gcc/avr/4.9.2/../../../../avr/lib/avrxmega2\libm.a(cmpsf2.o)
                              app/adc_app.o (__ltsf2)
c:/program files (x86)/atmel/studio/7.0/toolchain/avr8/avr8-gnu-toolchain/bin/../lib/gcc/avr/4.9.2/../../../../avr/lib/avrxmega2\libm.a(divsf3.o)
                              app/adc_app.o (__divsf3)
c:/program files (x86)/atmel/studio/7.0/toolchain/avr8/avr8-gnu-toolchain/bin/../lib/gcc/avr/4.9.2/../../../../avr/lib/avrxmega2\libm.a(divsf3x.o)
                              c:/program files (x86)/atmel/studio/7.0/toolchain/avr8/avr8-gnu-toolchain/bin/../lib/gcc/avr/4.9.2/../../../../avr/lib/avrxmega2\libm.a(divsf3.o) (__divsf3x)
c:/program files (x86)/atmel/studio/7.0/toolchain/avr8/avr8-gnu-toolchain/bin/../lib/gcc/avr/4.9.2/../../../../avr/lib/avrxmega2\libm.a(fixunssfsi.o)
                              app/adc_app.o (__fixunssfsi)
c:/program files (x86)/atmel/studio/7.0/toolchain/avr8/avr8-gnu-toolchain/bin/../lib/gcc/avr/4.9.2/../../../../avr/lib/avrxmega2\libm.a(floatsisf.o)
                              app/adc_app.o (__floatunsisf)
c:/program files (x86)/atmel/studio/7.0/toolchain/avr8/avr8-gnu-toolchain/bin/../lib/gcc/avr/4.9.2/../../../../avr/lib/avrxmega2\libm.a(fp_cmp.o)
                              c:/program files (x86)/atmel/studio/7.0/toolchain/avr8/avr8-gnu-toolchain/bin/../lib/gcc/avr/4.9.2/../../../../avr/lib/avrxmega2\libm.a(cmpsf2.o) (__fp_cmp)
c:/program files (x86)/atmel/studio/7.0/toolchain/avr8/avr8-gnu-toolchain/bin/../lib/gcc/avr/4.9.2/../../../../avr/lib/avrxmega2\libm.a(fp_inf.o)
                              c:/program files (x86)/atmel/studio/7.0/toolchain/avr8/avr8-gnu-toolchain/bin/../lib/gcc/avr/4.9.2/../../../../avr/lib/avrxmega2\libm.a(addsf3x.o) (__fp_inf)
c:/program files (x86)/atmel/studio/7.0/toolchain/avr8/avr8-gnu-toolchain/bin/../lib/gcc/avr/4.9.2/../../../../avr/lib/avrxmega2\libm.a(fp_nan.o)
                              c:/program files (x86)/atmel/studio/7.0/toolchain/avr8/avr8-gnu-toolchain/bin/../lib/gcc/avr/4.9.2/../../../../avr/lib/avrxmega2\libm.a(addsf3x.o) (__fp_nan)
c:/program files (x86)/atmel/studio/7.0/toolchain/avr8/avr8-gnu-toolchain/bin/../lib/gcc/avr/4.9.2/../../../../avr/lib/avrxmega2\libm.a(fp_pscA.o)
                              c:/program files (x86)/atmel/studio/7.0/toolchain/avr8/avr8-gnu-toolchain/bin/../lib/gcc/avr/4.9.2/../../../../avr/lib/avrxmega2\libm.a(addsf3x.o) (__fp_pscA)
c:/program files (x86)/atmel/studio/7.0/toolchain/avr8/avr8-gnu-toolchain/bin/../lib/gcc/avr/4.9.2/../../../../avr/lib/avrxmega2\libm.a(fp_pscB.o)
                              c:/program files (x86)/atmel/studio/7.0/toolchain/avr8/avr8-gnu-toolchain/bin/../lib/gcc/avr/4.9.2/../../../../avr/lib/avrxmega2\libm.a(addsf3x.o) (__fp_pscB)
c:/program files (x86)/atmel/studio/7.0/toolchain/avr8/avr8-gnu-toolchain/bin/../lib/gcc/avr/4.9.2/../../../../avr/lib/avrxmega2\libm.a(fp_round.o)
                              c:/program files (x86)/atmel/studio/7.0/toolchain/avr8/avr8-gnu-toolchain/bin/../lib/gcc/avr/4.9.2/../../../../avr/lib/avrxmega2\libm.a(addsf3.o) (__fp_round)
c:/program files (x86)/atmel/studio/7.0/toolchain/avr8/avr8-gnu-toolchain/bin/../lib/gcc/avr/4.9.2/../../../../avr/lib/avrxmega2\libm.a(fp_split3.o)
                              c:/program files (x86)/atmel/studio/7.0/toolchain/avr8/avr8-gnu-toolchain/bin/../lib/gcc/avr/4.9.2/../../../../avr/lib/avrxmega2\libm.a(addsf3x.o) (__fp_split3)
c:/program files (x86)/atmel/studio/7.0/toolchain/avr8/avr8-gnu-toolchain/bin/../lib/gcc/avr/4.9.2/../../../../avr/lib/avrxmega2\libm.a(fp_zero.o)
                              c:/program files (x86)/atmel/studio/7.0/toolchain/avr8/avr8-gnu-toolchain/bin/../lib/gcc/avr/4.9.2/../../../../avr/lib/avrxmega2\libm.a(addsf3x.o) (__fp_zero)
c:/program files (x86)/atmel/studio/7.0/toolchain/avr8/avr8-gnu-toolchain/bin/../lib/gcc/avr/4.9.2/../../../../avr/lib/avrxmega2\libm.a(gesf2.o)
                              app/adc_app.o (__gtsf2)
c:/program files (x86)/atmel/studio/7.0/toolchain/avr8/avr8-gnu-toolchain/bin/../lib/gcc/avr/4.9.2/../../../../avr/lib/avrxmega2\libm.a(mulsf3.o)
                              app/adc_app.o (__mulsf3)
c:/program files (x86)/atmel/studio/7.0/toolchain/avr8/avr8-gnu-toolchain/bin/../lib/gcc/avr/4.9.2/../../../../avr/lib/avrxmega2\libm.a(mulsf3x.o)
[...]
Memory Configuration

Name             Origin             Length             Attributes
text             0x00000000         0x00100000         xr
data             0x00802000         0x0000ffa0         rw !x
eeprom           0x00810000         0x00010000         rw !x
fuse             0x00820000         0x00000400         rw !x
lock             0x00830000         0x00000400         rw !x
signature        0x00840000         0x00000400         rw !x
user_signatures  0x00850000         0x00000400         rw !x
*default*        0x00000000         0xffffffff

Linker script and memory map

LOAD C:/Program Files (x86)/Atmel/Studio/7.0/Packs/atmel/XMEGAE_DFP/1.0.30/gcc/dev/atxmega32e5/avrxmega2/crtatxmega32e5.o
LOAD src/ASF/xmega/drivers/wdt/wdt.o
LOAD app/adc_app.o
LOAD app/eeprom.o
LOAD app/fft_app.o
LOAD app/mtch6301.o
LOAD app/timer_app.o
LOAD app/uart.o
LOAD app/wear.o
LOAD app/ws2812.o
LOAD fft/ffft.o
LOAD main.o
LOAD src/ASF/common/services/clock/xmega/sysclk.o
LOAD src/ASF/common/services/ioport/xmega/ioport_compat.o
LOAD src/ASF/common/services/serial/usart_serial.o
LOAD src/ASF/common/services/sleepmgr/xmega/sleepmgr.o
LOAD src/ASF/xmega/boards/stk600/rc032x/init.o
LOAD src/ASF/xmega/drivers/adc/adc.o
LOAD src/ASF/xmega/drivers/adc/xmega_e/adc_e.o
LOAD src/ASF/xmega/drivers/cpu/ccp.o
LOAD src/ASF/xmega/drivers/nvm/nvm.o
LOAD src/ASF/xmega/drivers/nvm/nvm_asm.o
LOAD src/ASF/xmega/drivers/tc45/tc45.o
LOAD src/ASF/xmega/drivers/twi/twim.o
LOAD src/ASF/xmega/drivers/usart/usart.o
START GROUP
LOAD c:/program files (x86)/atmel/studio/7.0/toolchain/avr8/avr8-gnu-toolchain/bin/../lib/gcc/avr/4.9.2/../../../../avr/lib/avrxmega2\libm.a
END GROUP
Address of section .BOOT set to 0x8000
START GROUP
LOAD c:/program files (x86)/atmel/studio/7.0/toolchain/avr8/avr8-gnu-toolchain/bin/../lib/gcc/avr/4.9.2/avrxmega2\libgcc.a
LOAD c:/program files (x86)/atmel/studio/7.0/toolchain/avr8/avr8-gnu-toolchain/bin/../lib/gcc/avr/4.9.2/../../../../avr/lib/avrxmega2\libm.a
LOAD c:/program files (x86)/atmel/studio/7.0/toolchain/avr8/avr8-gnu-toolchain/bin/../lib/gcc/avr/4.9.2/../../../../avr/lib/avrxmega2\libc.a
LOAD C:/Program Files (x86)/Atmel/Studio/7.0/Packs/atmel/XMEGAE_DFP/1.0.30/gcc/dev/atxmega32e5/avrxmega2\libatxmega32e5.a
END GROUP

.hash
 *(.hash)

.dynsym
 *(.dynsym)

.dynstr
 *(.dynstr)

.gnu.version
 *(.gnu.version)

.gnu.version_d
 *(.gnu.version_d)

.gnu.version_r
 *(.gnu.version_r)

.rel.init
 *(.rel.init)

.rela.init
 *(.rela.init)

.rel.text
 *(.rel.text)
 *(.rel.text.*)
 *(.rel.gnu.linkonce.t*)

.rela.text
 *(.rela.text)
 *(.rela.text.*)
 *(.rela.gnu.linkonce.t*)

.rel.fini
 *(.rel.fini)

.rela.fini
 *(.rela.fini)

.rel.rodata
 *(.rel.rodata)
 *(.rel.rodata.*)
 *(.rel.gnu.linkonce.r*)

.rela.rodata
 *(.rela.rodata)
 *(.rela.rodata.*)
 *(.rela.gnu.linkonce.r*)

.rel.data
 *(.rel.data)
 *(.rel.data.*)
 *(.rel.gnu.linkonce.d*)

.rela.data
 *(.rela.data)
 *(.rela.data.*)
 *(.rela.gnu.linkonce.d*)

.rel.ctors
 *(.rel.ctors)

.rela.ctors
 *(.rela.ctors)

.rel.dtors
 *(.rel.dtors)

.rela.dtors
 *(.rela.dtors)

.rel.got
 *(.rel.got)

.rela.got
 *(.rela.got)

.rel.bss
 *(.rel.bss)

.rela.bss
 *(.rela.bss)

.rel.plt
 *(.rel.plt)

.rela.plt
 *(.rela.plt)

.text           0x00000000     0x4bbc
 *(.vectors)
 .vectors       0x00000000       0xac C:/Program Files (x86)/Atmel/Studio/7.0/Packs/atmel/XMEGAE_DFP/1.0.30/gcc/dev/atxmega32e5/avrxmega2/crtatxmega32e5.o
                0x00000000                __vector_default
                0x00000000                __vectors
 *(.vectors)
 *(.progmem.gcc*)
 .progmem.gcc_sw_table.__vector_9
                0x000000ac       0xa6 app/mtch6301.o
 .progmem.gcc_sw_table.uartCmdValid
                0x00000152       0xe0 app/uart.o
 .progmem.gcc_sw_table.__vector_40
                0x00000232       0xee app/uart.o
 .progmem.gcc_sw_table.main
                0x00000320        0xe main.o
                0x0000032e                . = ALIGN (0x2)
                0x0000032e                __trampolines_start = .
 *(.trampolines)
 .trampolines   0x0000032e        0x0 linker stubs
 *(.trampolines*)
                0x0000032e                __trampolines_end = .
 *(.progmem*)
 .progmem.data._window_func
                0x0000032e      0x100 app/adc_app.o
                0x0000032e                _window_func
 .progmem.data._lin_table
                0x0000042e      0x300 app/adc_app.o
                0x0000042e                _lin_table
 .progmem.data._reorder_table
                0x0000072e       0x70 app/adc_app.o
                0x0000072e                _reorder_table
 .progmem.data._cas_constants
                0x0000079e       0xe0 app/adc_app.o
                0x0000079e                _cas_constants
                0x0000087e                . = ALIGN (0x2)
 *(.jumptables)
 *(.jumptables*)
 *(.lowtext)
 *(.lowtext*)
                0x0000087e                __ctors_start = .
 *(.ctors)
                0x0000087e                __ctors_end = .
                0x0000087e                __dtors_start = .
 *(.dtors)
                0x0000087e                __dtors_end = .
 SORT(*)(.ctors)
 SORT(*)(.dtors)
 *(.init0)
 .init0         0x0000087e        0x0 C:/Program Files (x86)/Atmel/Studio/7.0/Packs/atmel/XMEGAE_DFP/1.0.30/gcc/dev/atxmega32e5/avrxmega2/crtatxmega32e5.o
                0x0000087e                __init
 *(.init0)
 *(.init1)
 *(.init1)
 *(.init2)
 .init2         0x0000087e        0xc C:/Program Files (x86)/Atmel/Studio/7.0/Packs/atmel/XMEGAE_DFP/1.0.30/gcc/dev/atxmega32e5/avrxmega2/crtatxmega32e5.o
 *(.init2)
 *(.init3)
 *(.init3)
 *(.init4)
 .init4         0x0000088a       0x16 c:/program files (x86)/atmel/studio/7.0/toolchain/avr8/avr8-gnu-toolchain/bin/../lib/gcc/avr/4.9.2/avrxmega2\libgcc.a(_copy_data.o)
                0x0000088a                __do_copy_data
 .init4         0x000008a0       0x10 c:/program files (x86)/atmel/studio/7.0/toolchain/avr8/avr8-gnu-toolchain/bin/../lib/gcc/avr/4.9.2/avrxmega2\libgcc.a(_clear_bss.o)
                0x000008a0                __do_clear_bss
 *(.init4)
 *(.init5)
 *(.init5)
 *(.init6)
 *(.init6)
 *(.init7)
 *(.init7)
 *(.init8)
 *(.init8)
 *(.init9)
 .init9         0x000008b0        0x8 C:/Program Files (x86)/Atmel/Studio/7.0/Packs/atmel/XMEGAE_DFP/1.0.30/gcc/dev/atxmega32e5/avrxmega2/crtatxmega32e5.o
 *(.init9)
 *(.text)
 .text          0x000008b8        0x2 C:/Program Files (x86)/Atmel/Studio/7.0/Packs/atmel/XMEGAE_DFP/1.0.30/gcc/dev/atxmega32e5/avrxmega2/crtatxmega32e5.o
                0x000008b8                __vector_22
                0x000008b8                __vector_28
                0x000008b8                __vector_1
                0x000008b8                __vector_32
                0x000008b8                __vector_24
                0x000008b8                __bad_interrupt
                0x000008b8                __vector_6
                0x000008b8                __vector_31
                0x000008b8                __vector_3
                0x000008b8                __vector_30
                0x000008b8                __vector_25
                0x000008b8                __vector_7
                0x000008b8                __vector_41
                0x000008b8                __vector_27
                0x000008b8                __vector_5
                0x000008b8                __vector_33
                0x000008b8                __vector_4
                0x000008b8                __vector_2
                0x000008b8                __vector_29
                0x000008b8                __vector_8
                0x000008b8                __vector_26
                0x000008b8                __vector_10
                0x000008b8                __vector_42
                0x000008ba                . = ALIGN (0x2)
 *(.text.*)
 .text.wdt_set_timeout_period
                0x000008ba       0x28 src/ASF/xmega/drivers/wdt/wdt.o
                0x000008ba                wdt_set_timeout_period
 .text.wdt_enable
                0x000008e2       0x1c src/ASF/xmega/drivers/wdt/wdt.o
                0x000008e2                wdt_enable
 .text.init_adc
                0x000008fe       0xfc app/adc_app.o
                0x000008fe                init_adc
 .text.change_adc_channel
                0x000009fa       0x92 app/adc_app.o
                0x000009fa                change_adc_channel
 .text.adc_callback
                0x00000a8c      0x152 app/adc_app.o
                0x00000a8c                adc_callback
 .text.adc_enable_interrupt
                0x00000bde       0x6a app/adc_app.o
                0x00000bde                adc_enable_interrupt
 .text.mean     0x00000c48       0x2c app/adc_app.o
                0x00000c48                mean
 .text.updateLEDs
                0x00000c74      0x4da app/adc_app.o
                0x00000c74                updateLEDs
 .text.run      0x0000114e      0x508 app/adc_app.o
                0x0000114e                run
 .text.write_byte_eeprom
                0x00001656       0x28 app/eeprom.o
                0x00001656                write_byte_eeprom
 .text.init_i2c
                0x0000167e       0x60 app/mtch6301.o
                0x0000167e                init_i2c
 .text.init_mtch6301
                0x000016de       0x2c app/mtch6301.o
                0x000016de                init_mtch6301
 .text.init_mtchio
                0x0000170a       0x64 app/mtch6301.o
                0x0000170a                init_mtchio
 .text.cmd_write_register
                0x0000176e       0x76 app/mtch6301.o
                0x0000176e                cmd_write_register
 .text.cmd_mtch6301
                0x000017e4       0x68 app/mtch6301.o
                0x000017e4                cmd_mtch6301
 .text.write_mtch_settings
                0x0000184c      0x942 app/mtch6301.o
                0x0000184c                write_mtch_settings
 .text.__vector_9
                0x0000218e      0x1b2 app/mtch6301.o
                0x0000218e                __vector_9
 .text.timer4_overflow_interrupt_callback
                0x00002340       0x22 app/timer_app.o
 .text.timerD5_overflow_interrupt_callback
                0x00002362       0x12 app/timer_app.o
 .text.timer5_overflow_interrupt_callback
                0x00002374       0x14 app/timer_app.o
 .text.init_timer4
                0x00002388       0x50 app/timer_app.o
                0x00002388                init_timer4
 .text.init_timer5
                0x000023d8       0x48 app/timer_app.o
                0x000023d8                init_timer5
 .text.init_timerd5
                0x00002420       0x50 app/timer_app.o
                0x00002420                init_timerd5
 .text.init_uart
                0x00002470       0x40 app/uart.o
                0x00002470                init_uart
 .text.uart_send_status
                0x000024b0        0xc app/uart.o
                0x000024b0                uart_send_status
 .text.led_set_from_colors
                0x000024bc       0xc0 app/uart.o
                0x000024bc                led_set_from_colors
 .text.get_pulse_state
                0x0000257c        0x6 app/uart.o
                0x0000257c                get_pulse_state
 .text.get_and_clear_pulse_state_changed
                0x00002582        0xa app/uart.o
                0x00002582                get_and_clear_pulse_state_changed
 .text.trigger_pulse_state_changed
                0x0000258c        0x8 app/uart.o
                0x0000258c                trigger_pulse_state_changed
 .text.__vector_23
                0x00002594       0xda app/uart.o
                0x00002594                __vector_23
 .text.uartCmdValid
                0x0000266e       0x1c app/uart.o
                0x0000266e                uartCmdValid
 .text.__vector_40
                0x0000268a      0x37e app/uart.o
                0x0000268a                __vector_40
 .text.uart_send_bytes
                0x00002a08       0x30 app/uart.o
                0x00002a08                uart_send_bytes
 .text.init_chargingpin
                0x00002a38       0x2a app/wear.o
                0x00002a38                init_chargingpin
 .text.ischarging
                0x00002a62        0xa app/wear.o
                0x00002a62                ischarging
 .text.twinkle  0x00002a6c       0x2c app/wear.o
                0x00002a6c                twinkle
 .text.rainbow  0x00002a98       0x32 app/wear.o
                0x00002a98                rainbow
 .text.clear_led
                0x00002aca       0x2a app/wear.o
                0x00002aca                clear_led
 .text.load_data_color_led
                0x00002af4       0x96 app/wear.o
                0x00002af4                load_data_color_led
 .text.update_led_charge
                0x00002b8a      0x3f0 app/wear.o
                0x00002b8a                update_led_charge
 .text.__vector_35
                0x00002f7a       0x54 app/wear.o
                0x00002f7a                __vector_35
 .text.send_response
                0x00002fce       0x22 app/wear.o
                0x00002fce                send_response
 .text.send_light_data
                0x00002ff0       0x32 app/wear.o
                0x00002ff0                send_light_data
 .text.send_battery_data
                0x00003022       0x34 app/wear.o
                0x00003022                send_battery_data
 .text.send_charging_data
                0x00003056       0x2a app/wear.o
                0x00003056                send_charging_data
 .text.send_mtch_update_status
                0x00003080       0x2e app/wear.o
                0x00003080                send_mtch_update_status
 .text.send_color_data
                0x000030ae       0x4e app/wear.o
                0x000030ae                send_color_data
 .text.send_pulse_data
                0x000030fc       0x2a app/wear.o
                0x000030fc                send_pulse_data
 .text.restore_led_from_eeprom
                0x00003126       0x58 app/wear.o
                0x00003126                restore_led_from_eeprom
 .text.save_led_to_eeprom
                0x0000317e        0x2 app/wear.o
                0x0000317e                save_led_to_eeprom
 .text.wdt_kick
                0x00003180       0x10 app/wear.o
                0x00003180                wdt_kick
 .text.init_ws2812
                0x00003190       0x2a app/ws2812.o
                0x00003190                init_ws2812
 .text.set_led_ws2812
                0x000031ba      0x226 app/ws2812.o
                0x000031ba                set_led_ws2812
 .text.set_flash_ws2812
                0x000033e0       0x3c app/ws2812.o
                0x000033e0                set_flash_ws2812
 .text.main     0x0000341c      0x370 main.o
                0x0000341c                main
 .text.sysclk_init
                0x0000378c       0x4e src/ASF/common/services/clock/xmega/sysclk.o
                0x0000378c                sysclk_init
 .text.sysclk_enable_module
                0x000037da       0x18 src/ASF/common/services/clock/xmega/sysclk.o
                0x000037da                sysclk_enable_module
 .text.sysclk_disable_module
                0x000037f2       0x16 src/ASF/common/services/clock/xmega/sysclk.o
                0x000037f2                sysclk_disable_module
 .text.ioport_configure_port_pin
                0x00003808       0x50 src/ASF/common/services/ioport/xmega/ioport_compat.o
                0x00003808                ioport_configure_port_pin
 .text.adc_set_callback
                0x00003858       0x18 src/ASF/xmega/drivers/adc/adc.o
                0x00003858                adc_set_callback
 .text.adc_enable_clock
                0x00003870       0x1e src/ASF/xmega/drivers/adc/adc.o
                0x00003870                adc_enable_clock
 .text.adc_disable_clock
                0x0000388e       0x1c src/ASF/xmega/drivers/adc/adc.o
                0x0000388e                adc_disable_clock
 .text.adc_enable
                0x000038aa       0x2e src/ASF/xmega/drivers/adc/adc.o
                0x000038aa                adc_enable
 .text.adc_disable
                0x000038d8       0x26 src/ASF/xmega/drivers/adc/adc.o
                0x000038d8                adc_disable
 .text.__vector_34
                0x000038fe       0x5c src/ASF/xmega/drivers/adc/xmega_e/adc_e.o
                0x000038fe                __vector_34
 .text.adc_write_configuration
                0x0000395a       0x7e src/ASF/xmega/drivers/adc/xmega_e/adc_e.o
                0x0000395a                adc_write_configuration
 .text.adc_read_configuration
                0x000039d8       0x44 src/ASF/xmega/drivers/adc/xmega_e/adc_e.o
                0x000039d8                adc_read_configuration
 .text.adcch_write_configuration
                0x00003a1c       0x50 src/ASF/xmega/drivers/adc/xmega_e/adc_e.o
                0x00003a1c                adcch_write_configuration
 .text.adcch_read_configuration
                0x00003a6c       0x50 src/ASF/xmega/drivers/adc/xmega_e/adc_e.o
                0x00003a6c                adcch_read_configuration
 .text.ccp_write_io
                0x00003abc        0xc src/ASF/xmega/drivers/cpu/ccp.o
                0x00003abc                ccp_write_io
 .text.nvm_eeprom_read_byte
                0x00003ac8       0x14 src/ASF/xmega/drivers/nvm/nvm.o
                0x00003ac8                nvm_eeprom_read_byte
 .text.nvm_eeprom_flush_buffer
                0x00003adc       0x22 src/ASF/xmega/drivers/nvm/nvm.o
                0x00003adc                nvm_eeprom_flush_buffer
 .text.nvm_eeprom_load_byte_to_buffer
                0x00003afe       0x14 src/ASF/xmega/drivers/nvm/nvm.o
                0x00003afe                nvm_eeprom_load_byte_to_buffer
 .text.nvm_eeprom_write_byte
                0x00003b12       0x4a src/ASF/xmega/drivers/nvm/nvm.o
                0x00003b12                nvm_eeprom_write_byte
 .text.nvm_read_byte
                0x00003b5c       0x14 src/ASF/xmega/drivers/nvm/nvm_asm.o
                0x00003b5c                nvm_read_byte
 .text.__vector_12
                0x00003b70       0x52 src/ASF/xmega/drivers/tc45/tc45.o
                0x00003b70                __vector_12
 .text.__vector_13
                0x00003bc2       0x52 src/ASF/xmega/drivers/tc45/tc45.o
                0x00003bc2                __vector_13
 .text.__vector_14
                0x00003c14       0x52 src/ASF/xmega/drivers/tc45/tc45.o
                0x00003c14                __vector_14
 .text.__vector_15
                0x00003c66       0x52 src/ASF/xmega/drivers/tc45/tc45.o
                0x00003c66                __vector_15
 .text.__vector_16
                0x00003cb8       0x52 src/ASF/xmega/drivers/tc45/tc45.o
                0x00003cb8                __vector_16
 .text.__vector_17
                0x00003d0a       0x52 src/ASF/xmega/drivers/tc45/tc45.o
                0x00003d0a                __vector_17
 .text.__vector_18
                0x00003d5c       0x52 src/ASF/xmega/drivers/tc45/tc45.o
                0x00003d5c                __vector_18
 .text.__vector_19
                0x00003dae       0x52 src/ASF/xmega/drivers/tc45/tc45.o
                0x00003dae                __vector_19
 .text.__vector_20
                0x00003e00       0x52 src/ASF/xmega/drivers/tc45/tc45.o
                0x00003e00                __vector_20
 .text.__vector_21
                0x00003e52       0x52 src/ASF/xmega/drivers/tc45/tc45.o
                0x00003e52                __vector_21
 .text.__vector_36
                0x00003ea4       0x52 src/ASF/xmega/drivers/tc45/tc45.o
                0x00003ea4                __vector_36
 .text.__vector_37
                0x00003ef6       0x52 src/ASF/xmega/drivers/tc45/tc45.o
                0x00003ef6                __vector_37
 .text.__vector_38
                0x00003f48       0x52 src/ASF/xmega/drivers/tc45/tc45.o
                0x00003f48                __vector_38
 .text.__vector_39
                0x00003f9a       0x52 src/ASF/xmega/drivers/tc45/tc45.o
                0x00003f9a                __vector_39
 .text.tc45_enable
                0x00003fec       0x64 src/ASF/xmega/drivers/tc45/tc45.o
                0x00003fec                tc45_enable
 .text.tc45_disable
                0x00004050       0x64 src/ASF/xmega/drivers/tc45/tc45.o
                0x00004050                tc45_disable
 .text.tc45_set_overflow_interrupt_callback
                0x000040b4       0x34 src/ASF/xmega/drivers/tc45/tc45.o
                0x000040b4                tc45_set_overflow_interrupt_callback
 .text.__vector_11
                0x000040e8      0x194 src/ASF/xmega/drivers/twi/twim.o
                0x000040e8                __vector_11
 .text.twi_master_init
                0x0000427c       0x2a src/ASF/xmega/drivers/twi/twim.o
                0x0000427c                twi_master_init
 .text.twi_master_transfer
                0x000042a6       0xa6 src/ASF/xmega/drivers/twi/twim.o
                0x000042a6                twi_master_transfer
 .text.usart_putchar
                0x0000434c       0x1c src/ASF/xmega/drivers/usart/usart.o
                0x0000434c                usart_putchar
 .text.usart_getchar
                0x00004368       0x18 src/ASF/xmega/drivers/usart/usart.o
                0x00004368                usart_getchar
 .text.usart_set_baudrate
                0x00004380      0x22a src/ASF/xmega/drivers/usart/usart.o
                0x00004380                usart_set_baudrate
 .text.usart_init_rs232
                0x000045aa      0x144 src/ASF/xmega/drivers/usart/usart.o
                0x000045aa                usart_init_rs232
 .text.avr-libc.fplib
                0x000046ee        0xa c:/program files (x86)/atmel/studio/7.0/toolchain/avr8/avr8-gnu-toolchain/bin/../lib/gcc/avr/4.9.2/../../../../avr/lib/avrxmega2\libm.a(addsf3.o)
                0x000046ee                __subsf3
                0x000046f0                __addsf3
 .text.avr-libc.fplib
                0x000046f8       0xc0 c:/program files (x86)/atmel/studio/7.0/toolchain/avr8/avr8-gnu-toolchain/bin/../lib/gcc/avr/4.9.2/../../../../avr/lib/avrxmega2\libm.a(addsf3x.o)
                0x00004712                __addsf3x
 .text.avr-libc.fplib
                0x000047b8        0x8 c:/program files (x86)/atmel/studio/7.0/toolchain/avr8/avr8-gnu-toolchain/bin/../lib/gcc/avr/4.9.2/../../../../avr/lib/avrxmega2\libm.a(cmpsf2.o)
                0x000047b8                __nesf2
                0x000047b8                __eqsf2
                0x000047b8                __cmpsf2
                0x000047b8                __ltsf2
                0x000047b8                __lesf2
 .text.avr-libc.fplib
                0x000047c0        0x4 c:/program files (x86)/atmel/studio/7.0/toolchain/avr8/avr8-gnu-toolchain/bin/../lib/gcc/avr/4.9.2/../../../../avr/lib/avrxmega2\libm.a(divsf3.o)
                0x000047c0                __divsf3
 .text.avr-libc.fplib
                0x000047c4       0xcc c:/program files (x86)/atmel/studio/7.0/toolchain/avr8/avr8-gnu-toolchain/bin/../lib/gcc/avr/4.9.2/../../../../avr/lib/avrxmega2\libm.a(divsf3x.o)
                0x000047da                __divsf3x
                0x000047de                __divsf3_pse
 .text.avr-libc.fplib
                0x00004890       0x58 c:/program files (x86)/atmel/studio/7.0/toolchain/avr8/avr8-gnu-toolchain/bin/../lib/gcc/avr/4.9.2/../../../../avr/lib/avrxmega2\libm.a(fixunssfsi.o)
                0x00004890                __fixunssfsi
 .text.avr-libc.fplib
                0x000048e8       0x7a c:/program files (x86)/atmel/studio/7.0/toolchain/avr8/avr8-gnu-toolchain/bin/../lib/gcc/avr/4.9.2/../../../../avr/lib/avrxmega2\libm.a(floatsisf.o)
                0x000048e8                __floatunsisf
                0x000048ec                __floatsisf
 .text.avr-libc.fplib
                0x00004962       0x48 c:/program files (x86)/atmel/studio/7.0/toolchain/avr8/avr8-gnu-toolchain/bin/../lib/gcc/avr/4.9.2/../../../../avr/lib/avrxmega2\libm.a(fp_cmp.o)
                0x00004962                __fp_cmp
 .text.avr-libc.fplib
                0x000049aa        0xc c:/program files (x86)/atmel/studio/7.0/toolchain/avr8/avr8-gnu-toolchain/bin/../lib/gcc/avr/4.9.2/../../../../avr/lib/avrxmega2\libm.a(fp_inf.o)
                0x000049aa                __fp_inf
 .text.avr-libc.fplib
                0x000049b6        0x6 c:/program files (x86)/atmel/studio/7.0/toolchain/avr8/avr8-gnu-toolchain/bin/../lib/gcc/avr/4.9.2/../../../../avr/lib/avrxmega2\libm.a(fp_nan.o)
                0x000049b6                __fp_nan
 .text.avr-libc.fplib
                0x000049bc        0xe c:/program files (x86)/atmel/studio/7.0/toolchain/avr8/avr8-gnu-toolchain/bin/../lib/gcc/avr/4.9.2/../../../../avr/lib/avrxmega2\libm.a(fp_pscA.o)
                0x000049bc                __fp_pscA
 .text.avr-libc.fplib
                0x000049ca        0xe c:/program files (x86)/atmel/studio/7.0/toolchain/avr8/avr8-gnu-toolchain/bin/../lib/gcc/avr/4.9.2/../../../../avr/lib/avrxmega2\libm.a(fp_pscB.o)
                0x000049ca                __fp_pscB
 .text.avr-libc.fplib
                0x000049d8       0x22 c:/program files (x86)/atmel/studio/7.0/toolchain/avr8/avr8-gnu-toolchain/bin/../lib/gcc/avr/4.9.2/../../../../avr/lib/avrxmega2\libm.a(fp_round.o)
                0x000049d8                __fp_round
 .text.avr-libc.fplib
                0x000049fa       0x44 c:/program files (x86)/atmel/studio/7.0/toolchain/avr8/avr8-gnu-toolchain/bin/../lib/gcc/avr/4.9.2/../../../../avr/lib/avrxmega2\libm.a(fp_split3.o)
                0x000049fa                __fp_split3
                0x00004a0a                __fp_splitA
 .text.avr-libc.fplib
                0x00004a3e        0xe c:/program files (x86)/atmel/studio/7.0/toolchain/avr8/avr8-gnu-toolchain/bin/../lib/gcc/avr/4.9.2/../../../../avr/lib/avrxmega2\libm.a(fp_zero.o)
                0x00004a3e                __fp_zero
                0x00004a40                __fp_szero
 .text.avr-libc.fplib
                0x00004a4c        0x8 c:/program files (x86)/atmel/studio/7.0/toolchain/avr8/avr8-gnu-toolchain/bin/../lib/gcc/avr/4.9.2/../../../../avr/lib/avrxmega2\libm.a(gesf2.o)
                0x00004a4c                __gesf2
                0x00004a4c                __gtsf2
 .text.avr-libc.fplib
                0x00004a54        0x4 c:/program files (x86)/atmel/studio/7.0/toolchain/avr8/avr8-gnu-toolchain/bin/../lib/gcc/avr/4.9.2/../../../../avr/lib/avrxmega2\libm.a(mulsf3.o)
                0x00004a54                __mulsf3
 .text.avr-libc.fplib
                0x00004a58       0xc2 c:/program files (x86)/atmel/studio/7.0/toolchain/avr8/avr8-gnu-toolchain/bin/../lib/gcc/avr/4.9.2/../../../../avr/lib/avrxmega2\libm.a(mulsf3x.o)
                0x00004a6c                __mulsf3x
                0x00004a70                __mulsf3_pse
 .text.libgcc.div
                0x00004b1a       0x28 c:/program files (x86)/atmel/studio/7.0/toolchain/avr8/avr8-gnu-toolchain/bin/../lib/gcc/avr/4.9.2/avrxmega2\libgcc.a(_udivmodhi4.o)
                0x00004b1a                __udivmodhi4
 .text.libgcc.div
                0x00004b42       0x26 c:/program files (x86)/atmel/studio/7.0/toolchain/avr8/avr8-gnu-toolchain/bin/../lib/gcc/avr/4.9.2/avrxmega2\libgcc.a(_divmodhi4.o)
                0x00004b42                _div
                0x00004b42                __divmodhi4
 .text.libgcc.div
                0x00004b68       0x44 c:/program files (x86)/atmel/studio/7.0/toolchain/avr8/avr8-gnu-toolchain/bin/../lib/gcc/avr/4.9.2/avrxmega2\libgcc.a(_udivmodsi4.o)
                0x00004b68                __udivmodsi4
 .text.libgcc   0x00004bac        0xc c:/program files (x86)/atmel/studio/7.0/toolchain/avr8/avr8-gnu-toolchain/bin/../lib/gcc/avr/4.9.2/avrxmega2\libgcc.a(_tablejump2.o)
                0x00004bac                __tablejump2__
                0x00004bb8                . = ALIGN (0x2)
 *(.fini9)
 .fini9         0x00004bb8        0x0 c:/program files (x86)/atmel/studio/7.0/toolchain/avr8/avr8-gnu-toolchain/bin/../lib/gcc/avr/4.9.2/avrxmega2\libgcc.a(_exit.o)
                0x00004bb8                _exit
                0x00004bb8                exit
 *(.fini9)
 *(.fini8)
 *(.fini8)
 *(.fini7)
 *(.fini7)
 *(.fini6)
 *(.fini6)
 *(.fini5)
 *(.fini5)
 *(.fini4)
 *(.fini4)
 *(.fini3)
 *(.fini3)
 *(.fini2)
 *(.fini2)
 *(.fini1)
 *(.fini1)
 *(.fini0)
 .fini0         0x00004bb8        0x4 c:/program files (x86)/atmel/studio/7.0/toolchain/avr8/avr8-gnu-toolchain/bin/../lib/gcc/avr/4.9.2/avrxmega2\libgcc.a(_exit.o)
 *(.fini0)
                0x00004bbc                _etext = .

.data           0x00802000      0x102 load address 0x00004bbc
                0x00802000                PROVIDE (__data_start, .)
 *(.data)
 *(.data*)
 .data.HIGH_DIVIDER
                0x00802000        0x1 app/adc_app.o
                0x00802000                HIGH_DIVIDER
 .data.MID_DIVIDER
                0x00802001        0x1 app/adc_app.o
                0x00802001                MID_DIVIDER
 .data.LOW_DIVIDER
                0x00802002        0x1 app/adc_app.o
                0x00802002                LOW_DIVIDER
 .data.agc      0x00802003        0x4 app/adc_app.o
                0x00802003                agc
 .data.maxim    0x00802007        0x4 app/adc_app.o
                0x00802007                maxim
 .data.highs    0x0080200b        0x2 app/adc_app.o
                0x0080200b                highs
 .data.mids     0x0080200d        0x2 app/adc_app.o
                0x0080200d                mids
 .data.lows     0x0080200f        0x2 app/adc_app.o
                0x0080200f                lows
 .data.highf    0x00802011        0xf app/adc_app.o
                0x00802011                highf
 .data.midf     0x00802020       0x96 app/adc_app.o
                0x00802020                midf
 .data.lowf     0x008020b6       0x1e app/adc_app.o
                0x008020b6                lowf
 .data.status_res
                0x008020d4        0x1 app/mtch6301.o
                0x008020d4                status_res
 .data.cmd_res  0x008020d5        0x1 app/mtch6301.o
                0x008020d5                cmd_res
 .data.usart_serial_options.6158
                0x008020d6        0x7 app/uart.o
 .data.colors   0x008020dd        0x9 app/uart.o
                0x008020dd                colors
 .data.buffer_data
                0x008020e6        0xd app/uart.o
                0x008020e6                buffer_data
 .data.uart_length
                0x008020f3        0x1 app/uart.o
                0x008020f3                uart_length
 .data.chargeBrightness
                0x008020f4        0x1 app/wear.o
                0x008020f4                chargeBrightness
 .data.chargeLVL6
                0x008020f5        0x2 app/wear.o
                0x008020f5                chargeLVL6
 .data.chargeLVL5
                0x008020f7        0x2 app/wear.o
                0x008020f7                chargeLVL5
 .data.chargeLVL4
                0x008020f9        0x2 app/wear.o
                0x008020f9                chargeLVL4
 .data.chargeLVL3
                0x008020fb        0x2 app/wear.o
                0x008020fb                chargeLVL3
 .data.chargeLVL2
                0x008020fd        0x2 app/wear.o
                0x008020fd                chargeLVL2
 .data.chargeLVL1
                0x008020ff        0x2 app/wear.o
                0x008020ff                chargeLVL1
 *(.rodata)
 *(.rodata*)
 *(.gnu.linkonce.d*)
                0x00802102                . = ALIGN (0x2)
 *fill*         0x00802101        0x1 
                0x00802102                _edata = .
                0x00802102                PROVIDE (__data_end, .)

.bss            0x00802102      0x9af
                0x00802102                PROVIDE (__bss_start, .)
 *(.bss)
 *(.bss*)
 .bss.flag_fft  0x00802102        0x1 app/adc_app.o
                0x00802102                flag_fft
 .bss.fft_num   0x00802103        0x2 app/adc_app.o
                0x00802103                fft_num
 .bss.high_power_old
                0x00802105        0x4 app/adc_app.o
                0x00802105                high_power_old
 .bss.mid_power_old
                0x00802109        0x4 app/adc_app.o
                0x00802109                mid_power_old
 .bss.low_power_old
                0x0080210d        0x4 app/adc_app.o
                0x0080210d                low_power_old
 .bss.high_power
                0x00802111        0x4 app/adc_app.o
                0x00802111                high_power
 .bss.mid_power
                0x00802115        0x4 app/adc_app.o
                0x00802115                mid_power
 .bss.low_power
                0x00802119        0x4 app/adc_app.o
                0x00802119                low_power
 .bss.min       0x0080211d        0x4 app/adc_app.o
                0x0080211d                min
 .bss.point_high
                0x00802121        0x2 app/adc_app.o
                0x00802121                point_high
 .bss.point_mid
                0x00802123        0x2 app/adc_app.o
                0x00802123                point_mid
 .bss.point_low
                0x00802125        0x2 app/adc_app.o
                0x00802125                point_low
 .bss.latest_gesture
                0x00802127        0x1 app/mtch6301.o
                0x00802127                latest_gesture
 .bss.response_slaver
                0x00802128        0x9 app/mtch6301.o
                0x00802128                response_slaver
 .bss.mapio_mtch6301
                0x00802131        0x1 app/mtch6301.o
                0x00802131                mapio_mtch6301
 .bss.cmd_status
                0x00802132        0x1 app/mtch6301.o
                0x00802132                cmd_status
 .bss.shutdown_received
                0x00802133        0x1 app/uart.o
                0x00802133                shutdown_received
 .bss.pulse_state_changed
                0x00802134        0x1 app/uart.o
                0x00802134                pulse_state_changed
 .bss.pulse_state
                0x00802135        0x1 app/uart.o
                0x00802135                pulse_state
 .bss.uart_done_flag
                0x00802136        0x1 app/uart.o
                0x00802136                uart_done_flag
 .bss.uart_start_flag
                0x00802137        0x1 app/uart.o
                0x00802137                uart_start_flag
 .bss.num_rx    0x00802138        0x1 app/uart.o
                0x00802138                num_rx
 .bss.flag_initcharge
                0x00802139        0x1 app/wear.o
                0x00802139                flag_initcharge
 .bss.flag_batt
                0x0080213a        0x1 app/wear.o
                0x0080213a                flag_batt
 .bss.flag_light
                0x0080213b        0x1 app/wear.o
                0x0080213b                flag_light
 .bss.value_batt
                0x0080213c        0x2 app/wear.o
                0x0080213c                value_batt
 .bss.value_light
                0x0080213e        0x2 app/wear.o
                0x0080213e                value_light
 .bss.value_charge
                0x00802140        0x2 app/wear.o
                0x00802140                value_charge
 .bss.old_core_status
                0x00802142        0x1 app/wear.o
                0x00802142                old_core_status
 .bss.core_status
                0x00802143        0x1 app/wear.o
                0x00802143                core_status
 .bss.chargeLVL0
                0x00802144        0x2 app/wear.o
                0x00802144                chargeLVL0
 .bss.fht_flag  0x00802146        0x1 main.o
                0x00802146                fht_flag
 .bss.adca_enable_count
                0x00802147        0x1 src/ASF/xmega/drivers/adc/adc.o
 .bss.tc45_tcd5_ccb_callback
                0x00802148        0x2 src/ASF/xmega/drivers/tc45/tc45.o
 .bss.tc45_tcd5_cca_callback
                0x0080214a        0x2 src/ASF/xmega/drivers/tc45/tc45.o
 .bss.tc45_tcd5_err_callback
                0x0080214c        0x2 src/ASF/xmega/drivers/tc45/tc45.o
 .bss.tc45_tcd5_ovf_callback
                0x0080214e        0x2 src/ASF/xmega/drivers/tc45/tc45.o
 .bss.tc45_tcc5_ccb_callback
                0x00802150        0x2 src/ASF/xmega/drivers/tc45/tc45.o
 .bss.tc45_tcc5_cca_callback
                0x00802152        0x2 src/ASF/xmega/drivers/tc45/tc45.o
 .bss.tc45_tcc5_err_callback
                0x00802154        0x2 src/ASF/xmega/drivers/tc45/tc45.o
 .bss.tc45_tcc5_ovf_callback
                0x00802156        0x2 src/ASF/xmega/drivers/tc45/tc45.o
 .bss.tc45_tcc4_ccd_callback
                0x00802158        0x2 src/ASF/xmega/drivers/tc45/tc45.o
 .bss.tc45_tcc4_ccc_callback
                0x0080215a        0x2 src/ASF/xmega/drivers/tc45/tc45.o
 .bss.tc45_tcc4_ccb_callback
                0x0080215c        0x2 src/ASF/xmega/drivers/tc45/tc45.o
 .bss.tc45_tcc4_cca_callback
                0x0080215e        0x2 src/ASF/xmega/drivers/tc45/tc45.o
 .bss.tc45_tcc4_err_callback
                0x00802160        0x2 src/ASF/xmega/drivers/tc45/tc45.o
 .bss.tc45_tcc4_ovf_callback
                0x00802162        0x2 src/ASF/xmega/drivers/tc45/tc45.o
 .bss.transfer  0x00802164        0xb src/ASF/xmega/drivers/twi/twim.o
 *(COMMON)
 COMMON         0x0080216f      0x905 app/adc_app.o
                0x0080216f                bfly_buff
                0x0080256f                mean_low_r
                0x00802570                bubble_low_l
                0x00802584                mean_med_r
                0x00802585                mean_low_l
                0x00802586                mean_med_l
                0x00802587                bubble_high_r
                0x0080259b                ledLevelLow
                0x0080259c                mean_high_r
                0x0080259d                bubble_low_r
                0x008025b1                fht_lin_out
                0x00802631                bubble_high_l
                0x00802645                capture
                0x00802845                bubble_med_r
                0x00802859                bubble_med_l
                0x0080286d                mean_high_l
                0x0080286e                ledLevelMid
                0x0080286f                spektrum
                0x0080296f                ledLevelHigh
                0x00802970                vrem
                0x00802974                fht_input
 COMMON         0x00802a74        0x8 app/mtch6301.o
                0x00802a74                touch_pkg
 COMMON         0x00802a7c        0x3 app/timer_app.o
                0x00802a7c                flag_timer5
                0x00802a7d                flag_timer4
                0x00802a7e                flag_timerd5
 COMMON         0x00802a7f       0x18 app/uart.o
                0x00802a7f                rxdata
 COMMON         0x00802a97       0x12 app/wear.o
                0x00802a97                m_led_struct
 COMMON         0x00802aa9        0x6 src/ASF/common/services/sleepmgr/xmega/sleepmgr.o
                0x00802aa9                sleepmgr_locks
 COMMON         0x00802aaf        0x2 src/ASF/xmega/drivers/adc/adc.o
                0x00802aaf                adca_callback
                0x00802ab1                PROVIDE (__bss_end, .)
                0x00004bbc                __data_load_start = LOADADDR (.data)
                0x00004cbe                __data_load_end = (__data_load_start + SIZEOF (.data))

.noinit         0x00802ab1        0x0
                0x00802ab1                PROVIDE (__noinit_start, .)
 *(.noinit*)
                0x00802ab1                PROVIDE (__noinit_end, .)
                0x00802ab1                _end = .
                0x00802ab1                PROVIDE (__heap_start, .)

.eeprom         0x00810000        0xa
 *(.eeprom*)
 .eeprom        0x00810000        0xa app/eeprom.o
                0x00810000                data_init
                0x0081000a                __eeprom_end = .

.fuse
 *(.fuse)
 *(.lfuse)
 *(.hfuse)
 *(.efuse)

.lock
 *(.lock*)

.signature
 *(.signature*)

.user_signatures
 *(.user_signatures*)

.stab
 *(.stab)

.stabstr
 *(.stabstr)

.stab.excl
 *(.stab.excl)

.stab.exclstr
 *(.stab.exclstr)

.stab.index
 *(.stab.index)

.stab.indexstr
 *(.stab.indexstr)

.comment        0x00000000       0x30
 *(.comment)
 .comment       0x00000000       0x30 src/ASF/xmega/drivers/wdt/wdt.o
                                 0x31 (size before relaxing)
 .comment       0x00000030       0x31 app/adc_app.o
 .comment       0x00000030       0x31 app/eeprom.o
 .comment       0x00000030       0x31 app/mtch6301.o
 .comment       0x00000030       0x31 app/timer_app.o
 .comment       0x00000030       0x31 app/uart.o
 .comment       0x00000030       0x31 app/wear.o
 .comment       0x00000030       0x31 app/ws2812.o
 .comment       0x00000030       0x31 main.o
 .comment       0x00000030       0x31 src/ASF/common/services/clock/xmega/sysclk.o
 .comment       0x00000030       0x31 src/ASF/common/services/ioport/xmega/ioport_compat.o
 .comment       0x00000030       0x31 src/ASF/common/services/sleepmgr/xmega/sleepmgr.o
 .comment       0x00000030       0x31 src/ASF/xmega/drivers/adc/adc.o
 .comment       0x00000030       0x31 src/ASF/xmega/drivers/adc/xmega_e/adc_e.o
 .comment       0x00000030       0x31 src/ASF/xmega/drivers/nvm/nvm.o
 .comment       0x00000030       0x31 src/ASF/xmega/drivers/tc45/tc45.o
 .comment       0x00000030       0x31 src/ASF/xmega/drivers/twi/twim.o
 .comment       0x00000030       0x31 src/ASF/xmega/drivers/usart/usart.o

.note.gnu.avr.deviceinfo
                0x00000000       0x40
 .note.gnu.avr.deviceinfo
                0x00000000       0x40 C:/Program Files (x86)/Atmel/Studio/7.0/Packs/atmel/XMEGAE_DFP/1.0.30/gcc/dev/atxmega32e5/avrxmega2/crtatxmega32e5.o

.note.gnu.build-id
 *(.note.gnu.build-id)

.debug
 *(.debug)

.line
 *(.line)

.debug_srcinfo
 *(.debug_srcinfo)

.debug_sfnames
 *(.debug_sfnames)

.debug_aranges  0x00000000      0x720
 *(.debug_aranges)
 .debug_aranges
                0x00000000       0x50 src/ASF/xmega/drivers/wdt/wdt.o
 .debug_aranges
                0x00000050       0x90 app/adc_app.o
 .debug_aranges
                0x000000e0       0x20 app/eeprom.o
 .debug_aranges
                0x00000100       0x70 app/mtch6301.o
 .debug_aranges
                0x00000170       0x48 app/timer_app.o
 .debug_aranges
                0x000001b8       0xb8 app/uart.o
 .debug_aranges
                0x00000270      0x108 app/wear.o
 .debug_aranges
                0x00000378       0x38 app/ws2812.o
 .debug_aranges
                0x000003b0       0x28 main.o
 .debug_aranges
                0x000003d8       0x30 src/ASF/common/services/clock/xmega/sysclk.o
 .debug_aranges
                0x00000408       0x20 src/ASF/common/services/ioport/xmega/ioport_compat.o
 .debug_aranges
                0x00000428       0x18 src/ASF/common/services/sleepmgr/xmega/sleepmgr.o
 .debug_aranges
                0x00000440       0x48 src/ASF/xmega/drivers/adc/adc.o
 .debug_aranges
                0x00000488       0x40 src/ASF/xmega/drivers/adc/xmega_e/adc_e.o
 .debug_aranges
                0x000004c8       0x20 src/ASF/xmega/drivers/cpu/ccp.o
 .debug_aranges
                0x000004e8       0xc0 src/ASF/xmega/drivers/nvm/nvm.o
 .debug_aranges
                0x000005a8       0x28 src/ASF/xmega/drivers/nvm/nvm_asm.o
 .debug_aranges
                0x000005d0       0xc8 src/ASF/xmega/drivers/tc45/tc45.o
 .debug_aranges
                0x00000698       0x30 src/ASF/xmega/drivers/twi/twim.o
 .debug_aranges
                0x000006c8       0x58 src/ASF/xmega/drivers/usart/usart.o

.debug_pubnames
 *(.debug_pubnames)

.debug_info     0x00000000    0x17a92
 *(.debug_info .gnu.linkonce.wi.*)
 .debug_info    0x00000000      0x4e1 src/ASF/xmega/drivers/wdt/wdt.o
 .debug_info    0x000004e1     0x2f3c app/adc_app.o
 .debug_info    0x0000341d      0x230 app/eeprom.o
 .debug_info    0x0000364d     0x48bc app/mtch6301.o
 .debug_info    0x00007f09     0x1990 app/timer_app.o
 .debug_info    0x00009899     0x144f app/uart.o
 .debug_info    0x0000ace8     0x1fdf app/wear.o
 .debug_info    0x0000ccc7     0x118a app/ws2812.o
 .debug_info    0x0000de51     0x1bb9 main.o
 .debug_info    0x0000fa0a      0x699 src/ASF/common/services/clock/xmega/sysclk.o
 .debug_info    0x000100a3      0x11d src/ASF/common/services/ioport/xmega/ioport_compat.o
 .debug_info    0x000101c0      0x121 src/ASF/common/services/sleepmgr/xmega/sleepmgr.o
 .debug_info    0x000102e1      0xa84 src/ASF/xmega/drivers/adc/adc.o
 .debug_info    0x00010d65      0xc57 src/ASF/xmega/drivers/adc/xmega_e/adc_e.o
 .debug_info    0x000119bc       0x7a src/ASF/xmega/drivers/cpu/ccp.o
 .debug_info    0x00011a36     0x1340 src/ASF/xmega/drivers/nvm/nvm.o
 .debug_info    0x00012d76       0x7a src/ASF/xmega/drivers/nvm/nvm_asm.o
 .debug_info    0x00012df0     0x15d6 src/ASF/xmega/drivers/tc45/tc45.o
 .debug_info    0x000143c6      0x956 src/ASF/xmega/drivers/twi/twim.o
 .debug_info    0x00014d1c     0x2d76 src/ASF/xmega/drivers/usart/usart.o

.debug_abbrev   0x00000000     0x33b9
 *(.debug_abbrev)
 .debug_abbrev  0x00000000      0x15d src/ASF/xmega/drivers/wdt/wdt.o
 .debug_abbrev  0x0000015d      0x4cc app/adc_app.o
 .debug_abbrev  0x00000629      0x142 app/eeprom.o
 .debug_abbrev  0x0000076b      0x441 app/mtch6301.o
 .debug_abbrev  0x00000bac      0x323 app/timer_app.o
 .debug_abbrev  0x00000ecf      0x460 app/uart.o
 .debug_abbrev  0x0000132f      0x408 app/wear.o
 .debug_abbrev  0x00001737      0x2e8 app/ws2812.o
 .debug_abbrev  0x00001a1f      0x35a main.o
 .debug_abbrev  0x00001d79      0x25f src/ASF/common/services/clock/xmega/sysclk.o
 .debug_abbrev  0x00001fd8       0x93 src/ASF/common/services/ioport/xmega/ioport_compat.o
 .debug_abbrev  0x0000206b       0x80 src/ASF/common/services/sleepmgr/xmega/sleepmgr.o
 .debug_abbrev  0x000020eb      0x29d src/ASF/xmega/drivers/adc/adc.o
 .debug_abbrev  0x00002388      0x2e3 src/ASF/xmega/drivers/adc/xmega_e/adc_e.o
 .debug_abbrev  0x0000266b       0x14 src/ASF/xmega/drivers/cpu/ccp.o
 .debug_abbrev  0x0000267f      0x3e5 src/ASF/xmega/drivers/nvm/nvm.o
 .debug_abbrev  0x00002a64       0x12 src/ASF/xmega/drivers/nvm/nvm_asm.o
 .debug_abbrev  0x00002a76      0x2c6 src/ASF/xmega/drivers/tc45/tc45.o
 .debug_abbrev  0x00002d3c      0x29e src/ASF/xmega/drivers/twi/twim.o
 .debug_abbrev  0x00002fda      0x3df src/ASF/xmega/drivers/usart/usart.o

.debug_line     0x00000000     0xc3c7
 *(.debug_line .debug_line.* .debug_line_end)
 .debug_line    0x00000000      0x574 src/ASF/xmega/drivers/wdt/wdt.o
 .debug_line    0x00000574      0xff8 app/adc_app.o
 .debug_line    0x0000156c      0x8d4 app/eeprom.o
 .debug_line    0x00001e40     0x11b0 app/mtch6301.o
 .debug_line    0x00002ff0      0xa6e app/timer_app.o
 .debug_line    0x00003a5e      0xee9 app/uart.o
 .debug_line    0x00004947     0x1392 app/wear.o
 .debug_line    0x00005cd9     0x111c app/ws2812.o
 .debug_line    0x00006df5      0xd2d main.o
 .debug_line    0x00007b22      0x5af src/ASF/common/services/clock/xmega/sysclk.o
 .debug_line    0x000080d1      0x4b1 src/ASF/common/services/ioport/xmega/ioport_compat.o
 .debug_line    0x00008582      0x454 src/ASF/common/services/sleepmgr/xmega/sleepmgr.o
 .debug_line    0x000089d6      0x74d src/ASF/xmega/drivers/adc/adc.o
 .debug_line    0x00009123      0x83c src/ASF/xmega/drivers/adc/xmega_e/adc_e.o
 .debug_line    0x0000995f       0x6e src/ASF/xmega/drivers/cpu/ccp.o
 .debug_line    0x000099cd      0xb03 src/ASF/xmega/drivers/nvm/nvm.o
 .debug_line    0x0000a4d0      0x11f src/ASF/xmega/drivers/nvm/nvm_asm.o
 .debug_line    0x0000a5ef      0xcbc src/ASF/xmega/drivers/tc45/tc45.o
 .debug_line    0x0000b2ab      0x613 src/ASF/xmega/drivers/twi/twim.o
 .debug_line    0x0000b8be      0xb09 src/ASF/xmega/drivers/usart/usart.o

.debug_frame    0x00000000     0x16f4
 *(.debug_frame)
 .debug_frame   0x00000000       0x84 src/ASF/xmega/drivers/wdt/wdt.o
 .debug_frame   0x00000084      0x1e4 app/adc_app.o
 .debug_frame   0x00000268       0x34 app/eeprom.o
 .debug_frame   0x0000029c      0x178 app/mtch6301.o
 .debug_frame   0x00000414       0x98 app/timer_app.o
 .debug_frame   0x000004ac      0x228 app/uart.o
 .debug_frame   0x000006d4      0x2d4 app/wear.o
 .debug_frame   0x000009a8       0x68 app/ws2812.o
 .debug_frame   0x00000a10       0x34 main.o
 .debug_frame   0x00000a44       0x44 src/ASF/common/services/clock/xmega/sysclk.o
 .debug_frame   0x00000a88       0x30 src/ASF/common/services/ioport/xmega/ioport_compat.o
 .debug_frame   0x00000ab8       0x8c src/ASF/xmega/drivers/adc/adc.o
 .debug_frame   0x00000b44      0x124 src/ASF/xmega/drivers/adc/xmega_e/adc_e.o
 .debug_frame   0x00000c68      0x334 src/ASF/xmega/drivers/nvm/nvm.o
 .debug_frame   0x00000f9c      0x574 src/ASF/xmega/drivers/tc45/tc45.o
 .debug_frame   0x00001510       0x94 src/ASF/xmega/drivers/twi/twim.o
 .debug_frame   0x000015a4      0x150 src/ASF/xmega/drivers/usart/usart.o

.debug_str      0x00000000    0x2dbb7
 *(.debug_str)
 .debug_str     0x00000000    0x24a7c src/ASF/xmega/drivers/wdt/wdt.o
                              0x24f57 (size before relaxing)
 .debug_str     0x00024a7c     0x56e1 app/adc_app.o
                              0x2a47c (size before relaxing)
 .debug_str     0x0002a15d      0x3b7 app/eeprom.o
                              0x279cf (size before relaxing)
 .debug_str     0x0002a514      0xe45 app/mtch6301.o
                              0x2a194 (size before relaxing)
 .debug_str     0x0002b359      0x3c3 app/timer_app.o
                              0x29689 (size before relaxing)
 .debug_str     0x0002b71c      0x52d app/uart.o
                              0x2990f (size before relaxing)
 .debug_str     0x0002bc49      0x299 app/wear.o
                              0x29a19 (size before relaxing)
 .debug_str     0x0002bee2       0xa2 app/ws2812.o
                              0x291a9 (size before relaxing)
 .debug_str     0x0002bf84       0x45 main.o
                              0x29b1c (size before relaxing)
 .debug_str     0x0002bfc9      0x13b src/ASF/common/services/clock/xmega/sysclk.o
                              0x262d1 (size before relaxing)
 .debug_str     0x0002c104       0x41 src/ASF/common/services/ioport/xmega/ioport_compat.o
                              0x250b2 (size before relaxing)
 .debug_str     0x0002c145       0xb3 src/ASF/common/services/sleepmgr/xmega/sleepmgr.o
                              0x24ded (size before relaxing)
 .debug_str     0x0002c1f8      0x32c src/ASF/xmega/drivers/adc/adc.o
                              0x26eb7 (size before relaxing)
 .debug_str     0x0002c524      0x439 src/ASF/xmega/drivers/adc/xmega_e/adc_e.o
                              0x26fcb (size before relaxing)
 .debug_str     0x0002c95d      0x695 src/ASF/xmega/drivers/nvm/nvm.o
                              0x255ce (size before relaxing)
 .debug_str     0x0002cff2      0x682 src/ASF/xmega/drivers/tc45/tc45.o
                              0x281a7 (size before relaxing)
 .debug_str     0x0002d674      0x228 src/ASF/xmega/drivers/twi/twim.o
                              0x250ad (size before relaxing)
 .debug_str     0x0002d89c      0x31b src/ASF/xmega/drivers/usart/usart.o
                              0x2783a (size before relaxing)

.debug_loc      0x00000000     0x7a95
 *(.debug_loc)
 .debug_loc     0x00000000      0x152 src/ASF/xmega/drivers/wdt/wdt.o
 .debug_loc     0x00000152      0xadf app/adc_app.o
 .debug_loc     0x00000c31       0xa7 app/eeprom.o
 .debug_loc     0x00000cd8     0x18af app/mtch6301.o
 .debug_loc     0x00002587       0x8d app/timer_app.o
 .debug_loc     0x00002614      0x6ca app/uart.o
 .debug_loc     0x00002cde      0x670 app/wear.o
 .debug_loc     0x0000334e      0x78f app/ws2812.o
 .debug_loc     0x00003add      0x460 main.o
 .debug_loc     0x00003f3d      0x183 src/ASF/common/services/clock/xmega/sysclk.o
 .debug_loc     0x000040c0       0x66 src/ASF/common/services/ioport/xmega/ioport_compat.o
 .debug_loc     0x00004126      0x1be src/ASF/xmega/drivers/adc/adc.o
 .debug_loc     0x000042e4      0x593 src/ASF/xmega/drivers/adc/xmega_e/adc_e.o
 .debug_loc     0x00004877     0x11bb src/ASF/xmega/drivers/nvm/nvm.o
 .debug_loc     0x00005a32      0xcf4 src/ASF/xmega/drivers/tc45/tc45.o
 .debug_loc     0x00006726      0x3ba src/ASF/xmega/drivers/twi/twim.o
 .debug_loc     0x00006ae0      0xfb5 src/ASF/xmega/drivers/usart/usart.o

.debug_macinfo
 *(.debug_macinfo)

.debug_weaknames
 *(.debug_weaknames)

.debug_funcnames
 *(.debug_funcnames)

.debug_typenames
 *(.debug_typenames)

.debug_varnames
 *(.debug_varnames)

.debug_pubtypes
 *(.debug_pubtypes)

.debug_ranges   0x00000000      0x840
 *(.debug_ranges)
 .debug_ranges  0x00000000       0x40 src/ASF/xmega/drivers/wdt/wdt.o
 .debug_ranges  0x00000040       0x80 app/adc_app.o
 .debug_ranges  0x000000c0       0x10 app/eeprom.o
 .debug_ranges  0x000000d0       0x60 app/mtch6301.o
 .debug_ranges  0x00000130       0x38 app/timer_app.o
 .debug_ranges  0x00000168       0xd8 app/uart.o
 .debug_ranges  0x00000240       0xf8 app/wear.o
 .debug_ranges  0x00000338      0x148 app/ws2812.o
 .debug_ranges  0x00000480       0xb8 main.o
 .debug_ranges  0x00000538       0x20 src/ASF/common/services/clock/xmega/sysclk.o
 .debug_ranges  0x00000558       0x10 src/ASF/common/services/ioport/xmega/ioport_compat.o
 .debug_ranges  0x00000568       0x38 src/ASF/xmega/drivers/adc/adc.o
 .debug_ranges  0x000005a0       0x30 src/ASF/xmega/drivers/adc/xmega_e/adc_e.o
 .debug_ranges  0x000005d0       0xc8 src/ASF/xmega/drivers/nvm/nvm.o
 .debug_ranges  0x00000698       0x20 src/ASF/xmega/drivers/nvm/nvm_asm.o
 .debug_ranges  0x000006b8       0xb8 src/ASF/xmega/drivers/tc45/tc45.o
 .debug_ranges  0x00000770       0x50 src/ASF/xmega/drivers/twi/twim.o
 .debug_ranges  0x000007c0       0x80 src/ASF/xmega/drivers/usart/usart.o

.debug_macro    0x00000000     0xcb13
 *(.debug_macro)
 .debug_macro   0x00000000      0x180 src/ASF/xmega/drivers/wdt/wdt.o
 .debug_macro   0x00000180      0xa5a src/ASF/xmega/drivers/wdt/wdt.o
 .debug_macro   0x00000bda       0x10 src/ASF/xmega/drivers/wdt/wdt.o
 .debug_macro   0x00000bea      0x1ad src/ASF/xmega/drivers/wdt/wdt.o
 .debug_macro   0x00000d97      0x293 src/ASF/xmega/drivers/wdt/wdt.o
 .debug_macro   0x0000102a       0x9e src/ASF/xmega/drivers/wdt/wdt.o
 .debug_macro   0x000010c8     0x62c8 src/ASF/xmega/drivers/wdt/wdt.o
 .debug_macro   0x00007390       0x9a src/ASF/xmega/drivers/wdt/wdt.o
 .debug_macro   0x0000742a       0xf1 src/ASF/xmega/drivers/wdt/wdt.o
 .debug_macro   0x0000751b       0x34 src/ASF/xmega/drivers/wdt/wdt.o
 .debug_macro   0x0000754f       0x10 src/ASF/xmega/drivers/wdt/wdt.o
 .debug_macro   0x0000755f       0x18 src/ASF/xmega/drivers/wdt/wdt.o
 .debug_macro   0x00007577       0x5e src/ASF/xmega/drivers/wdt/wdt.o
 .debug_macro   0x000075d5       0x10 src/ASF/xmega/drivers/wdt/wdt.o
 .debug_macro   0x000075e5       0x22 src/ASF/xmega/drivers/wdt/wdt.o
 .debug_macro   0x00007607      0x166 src/ASF/xmega/drivers/wdt/wdt.o
 .debug_macro   0x0000776d       0x1c src/ASF/xmega/drivers/wdt/wdt.o
 .debug_macro   0x00007789       0x35 src/ASF/xmega/drivers/wdt/wdt.o
 .debug_macro   0x000077be       0x66 src/ASF/xmega/drivers/wdt/wdt.o
 .debug_macro   0x00007824      0x44c src/ASF/xmega/drivers/wdt/wdt.o
 .debug_macro   0x00007c70       0x97 src/ASF/xmega/drivers/wdt/wdt.o
 .debug_macro   0x00007d07       0x17 src/ASF/xmega/drivers/wdt/wdt.o
 .debug_macro   0x00007d1e      0x250 src/ASF/xmega/drivers/wdt/wdt.o
 .debug_macro   0x00007f6e       0x76 src/ASF/xmega/drivers/wdt/wdt.o
 .debug_macro   0x00007fe4       0x16 src/ASF/xmega/drivers/wdt/wdt.o
 .debug_macro   0x00007ffa      0x6e0 src/ASF/xmega/drivers/wdt/wdt.o
 .debug_macro   0x000086da       0x10 src/ASF/xmega/drivers/wdt/wdt.o
 .debug_macro   0x000086ea      0x175 src/ASF/xmega/drivers/wdt/wdt.o
 .debug_macro   0x0000885f       0x40 src/ASF/xmega/drivers/wdt/wdt.o
 .debug_macro   0x0000889f       0x69 src/ASF/xmega/drivers/wdt/wdt.o
 .debug_macro   0x00008908       0x32 src/ASF/xmega/drivers/wdt/wdt.o
 .debug_macro   0x0000893a       0xe4 src/ASF/xmega/drivers/wdt/wdt.o
 .debug_macro   0x00008a1e       0x11 src/ASF/xmega/drivers/wdt/wdt.o
 .debug_macro   0x00008a2f      0x394 app/adc_app.o
 .debug_macro   0x00008dc3       0x10 app/adc_app.o
 .debug_macro   0x00008dd3       0x20 app/adc_app.o
 .debug_macro   0x00008df3       0x10 app/adc_app.o
 .debug_macro   0x00008e03       0x42 app/adc_app.o
 .debug_macro   0x00008e45       0x1c app/adc_app.o
 .debug_macro   0x00008e61      0x229 app/adc_app.o
 .debug_macro   0x0000908a       0x8e app/adc_app.o
 .debug_macro   0x00009118       0x81 app/adc_app.o
 .debug_macro   0x00009199       0x2f app/adc_app.o
 .debug_macro   0x000091c8      0x169 app/adc_app.o
 .debug_macro   0x00009331       0xc6 app/adc_app.o
 .debug_macro   0x000093f7       0x34 app/adc_app.o
 .debug_macro   0x0000942b       0x7c app/adc_app.o
 .debug_macro   0x000094a7      0x10f app/adc_app.o
 .debug_macro   0x000095b6       0x40 app/adc_app.o
 .debug_macro   0x000095f6       0x5a app/adc_app.o
 .debug_macro   0x00009650       0x16 app/adc_app.o
 .debug_macro   0x00009666       0x10 app/adc_app.o
 .debug_macro   0x00009676       0x3a app/adc_app.o
 .debug_macro   0x000096b0      0x3e7 app/adc_app.o
 .debug_macro   0x00009a97       0x58 app/adc_app.o
 .debug_macro   0x00009aef       0xa0 app/adc_app.o
 .debug_macro   0x00009b8f      0x32b app/eeprom.o
 .debug_macro   0x00009eba      0x13c app/eeprom.o
 .debug_macro   0x00009ff6      0x361 app/mtch6301.o
 .debug_macro   0x0000a357       0x8e app/mtch6301.o
 .debug_macro   0x0000a3e5      0x160 app/mtch6301.o
 .debug_macro   0x0000a545      0x33f app/timer_app.o
 .debug_macro   0x0000a884      0x35b app/uart.o
 .debug_macro   0x0000abdf      0x379 app/wear.o
 .debug_macro   0x0000af58      0x34e app/ws2812.o
 .debug_macro   0x0000b2a6      0x388 main.o
 .debug_macro   0x0000b62e      0x1e2 src/ASF/common/services/clock/xmega/sysclk.o
 .debug_macro   0x0000b810      0x193 src/ASF/common/services/ioport/xmega/ioport_compat.o
 .debug_macro   0x0000b9a3      0x1a3 src/ASF/common/services/sleepmgr/xmega/sleepmgr.o
 .debug_macro   0x0000bb46      0x23f src/ASF/xmega/drivers/adc/adc.o
 .debug_macro   0x0000bd85      0x23f src/ASF/xmega/drivers/adc/xmega_e/adc_e.o
 .debug_macro   0x0000bfc4      0x198 src/ASF/xmega/drivers/nvm/nvm.o
 .debug_macro   0x0000c15c       0x26 src/ASF/xmega/drivers/nvm/nvm.o
 .debug_macro   0x0000c182       0x16 src/ASF/xmega/drivers/nvm/nvm.o
 .debug_macro   0x0000c198      0x312 src/ASF/xmega/drivers/tc45/tc45.o
 .debug_macro   0x0000c4aa      0x299 src/ASF/xmega/drivers/tc45/tc45.o
 .debug_macro   0x0000c743      0x199 src/ASF/xmega/drivers/twi/twim.o
 .debug_macro   0x0000c8dc      0x237 src/ASF/xmega/drivers/usart/usart.o
OUTPUT(wear.elf elf32-avr)
LOAD linker stubs

.BOOT           0x00008000        0x0
